// Jest Snapshot v1, https://goo.gl/fbAQLP

exports[`Pruebas en el <TodoListItem /> debe de mostrarse correctamente 1`] = `
<li
  className="list-group-item"
>
  <p
    className="false"
    onClick={[Function]}
  >
    1
    . 
  </p>
  <button
    className="btn btn-danger"
    onClick={[Function]}
  >
    Borrar
  </button>
</li>
`;
